[INFO] Scanning for projects...
[INFO] 
[INFO] -------------------< com.finclear:finclear-backend >--------------------
[INFO] Building finclear-backend 1.0.0
[INFO]   from pom.xml
[INFO] --------------------------------[ jar ]---------------------------------
Downloading from central: https://repo.maven.apache.org/maven2/org/apache/maven/plugins/maven-clean-plugin/3.4.0/maven-clean-plugin-3.4.0.pom
Progress (1): 797 BProgress (1): 1.7 kBProgress (1): 4.3 kBProgress (1): 5.5 kB                    Downloaded from central: https://repo.maven.apache.org/maven2/org/apache/maven/plugins/maven-clean-plugin/3.4.0/maven-clean-plugin-3.4.0.pom (5.5 kB at 17 kB/s)
[INFO] 
[INFO] --- clean:3.4.0:clean (default-clean) @ finclear-backend ---
[INFO] Deleting C:\Users\Sahiti Veeravalli\Downloads\FinClear\FinClear\backend\target
[INFO] 
[INFO] >>> spring-boot:3.4.1:run (default-cli) > test-compile @ finclear-backend >>>
[INFO] 
[INFO] --- resources:3.3.1:resources (default-resources) @ finclear-backend ---
[INFO] Copying 1 resource from src\main\resources to target\classes
[INFO] Copying 1 resource from src\main\resources to target\classes
[INFO] 
[INFO] --- compiler:3.13.0:compile (default-compile) @ finclear-backend ---
[INFO] Recompiling the module because of changed source code.
[INFO] Compiling 26 source files with javac [debug parameters release 17] to target\classes
[INFO] -------------------------------------------------------------
[ERROR] COMPILATION ERROR : 
[INFO] -------------------------------------------------------------
[ERROR] /C:/Users/Sahiti Veeravalli/Downloads/FinClear/FinClear/backend/src/main/java/com/finclear/security/JwtFilter.java:[6,309] ')' expected
[INFO] 1 error
[INFO] -------------------------------------------------------------
[INFO] ------------------------------------------------------------------------
[INFO] BUILD FAILURE
[INFO] ------------------------------------------------------------------------
[INFO] Total time:  2.786 s
[INFO] Finished at: 2026-08-12T02:02:55+05:30
[INFO] ------------------------------------------------------------------------
[ERROR] Failed to execute goal org.apache.maven.plugins:maven-compiler-plugin:3.13.0:compile (default-compile) on project finclear-backend: Compilation failure
[ERROR] /C:/Users/Sahiti Veeravalli/Downloads/FinClear/FinClear/backend/src/main/java/com/finclear/security/JwtFilter.java:[6,309] ')' expected
[ERROR] 
[ERROR] -> [Help 1]
[ERROR] 
[ERROR] To see the full stack trace of the errors, re-run Maven with the -e switch.
[ERROR] Re-run Maven using the -X switch to enable full debug logging.
[ERROR] 
[ERROR] For more information about the errors and possible solutions, please read the following articles:
[ERROR] [Help 1] http://cwiki.apache.org/confluence/display/MAVEN/MojoFailureException
